00:35:22 **** Build of configuration Debug for project lab1 ****
make all 
make --no-print-directory pre-build
a9-linaro-pre-build-step
' '
make --no-print-directory main-build
'Building file: ../src/memory_config_g.c'
'Invoking: ARM v7 gcc compiler'
arm-none-eabi-gcc -Wall -O0 -g3 -c -fmessage-length=0 -MT"src/memory_config_g.o" -mcpu=cortex-a9 -mfpu=vfpv3 -mfloat-abi=hard -IC:/Github_Repo/xup_embedded_practice/lab1_platform/system_wrapper/export/system_wrapper/sw/system_wrapper/standalone_ps7_cortexa9_0/bspinclude/include -MMD -MP -MF"src/memory_config_g.d" -MT"src/memory_config_g.o" -o "src/memory_config_g.o" "../src/memory_config_g.c"
'Finished building: ../src/memory_config_g.c'
' '
'Building file: ../src/memorytest.c'
'Invoking: ARM v7 gcc compiler'
arm-none-eabi-gcc -Wall -O0 -g3 -c -fmessage-length=0 -MT"src/memorytest.o" -mcpu=cortex-a9 -mfpu=vfpv3 -mfloat-abi=hard -IC:/Github_Repo/xup_embedded_practice/lab1_platform/system_wrapper/export/system_wrapper/sw/system_wrapper/standalone_ps7_cortexa9_0/bspinclude/include -MMD -MP -MF"src/memorytest.d" -MT"src/memorytest.o" -o "src/memorytest.o" "../src/memorytest.c"
../src/memorytest.c: In function 'test_memory_range':
../src/memorytest.c:66:28: warning: cast to pointer from integer of different size [-Wint-to-pointer-cast]
   66 |     status = Xil_TestMem32((u32*)range->base, 1024, 0xAAAA5555, XIL_TESTMEM_ALLMEMTESTS);
      |                            ^
../src/memorytest.c:69:28: warning: cast to pointer from integer of different size [-Wint-to-pointer-cast]
   69 |     status = Xil_TestMem16((u16*)range->base, 2048, 0xAA55, XIL_TESTMEM_ALLMEMTESTS);
      |                            ^
../src/memorytest.c:72:27: warning: cast to pointer from integer of different size [-Wint-to-pointer-cast]
   72 |     status = Xil_TestMem8((u8*)range->base, 4096, 0xA5, XIL_TESTMEM_ALLMEMTESTS);
      |                           ^
'Finished building: ../src/memorytest.c'
' '
'Building file: ../src/platform.c'
'Invoking: ARM v7 gcc compiler'
arm-none-eabi-gcc -Wall -O0 -g3 -c -fmessage-length=0 -MT"src/platform.o" -mcpu=cortex-a9 -mfpu=vfpv3 -mfloat-abi=hard -IC:/Github_Repo/xup_embedded_practice/lab1_platform/system_wrapper/export/system_wrapper/sw/system_wrapper/standalone_ps7_cortexa9_0/bspinclude/include -MMD -MP -MF"src/platform.d" -MT"src/platform.o" -o "src/platform.o" "../src/platform.c"
'Finished building: ../src/platform.c'
' '
'Building target: lab1.elf'
'Invoking: ARM v7 gcc linker'
arm-none-eabi-gcc -mcpu=cortex-a9 -mfpu=vfpv3 -mfloat-abi=hard -Wl,-build-id=none -specs=Xilinx.spec -Wl,-T -Wl,../src/lscript.ld -LC:/Github_Repo/xup_embedded_practice/lab1_platform/system_wrapper/export/system_wrapper/sw/system_wrapper/standalone_ps7_cortexa9_0/bsplib/lib -o "lab1.elf"  ./src/memory_config_g.o ./src/memorytest.o ./src/platform.o   -Wl,--start-group,-lxil,-lgcc,-lc,--end-group
'Finished building target: lab1.elf'
' '
'Invoking: ARM v7 Print Size'
arm-none-eabi-size lab1.elf  |tee "lab1.elf.size"
   text	   data	    bss	    dec	    hex	filename
  28526	   1200	  14392	  44118	   ac56	lab1.elf
'Finished building: lab1.elf.size'
' '

00:35:24 Build Finished (took 1s.444ms)

